=== LOG EVENTI SIMULAZIONE ===
[         ] [INFO   ] Configurazione impianto 'lib/parser/plant_config_valid.txt': 19 elementi creati
[         ] [INFO   ] Sensori/attuatori collegati: buffer=6 presenza=1 qualita'=2 attuatori=3
[         ] [INFO   ] Scenario 'lib/parser/scenario_nominale.txt' (nominale) applicato: guasto disabilitato su 'ISP2' (err=1)
[step     0] [INFO   ] Arrivo P1 in B1 (tipo=B, priorita=6, dimX=99.00, raggio=9.90)
[step     0] [INFO   ] Arrivo P2 in B1 (tipo=B, priorita=4, dimX=101.00, raggio=10.10)
[step     0] [INFO   ] Arrivo P3 in B1 (tipo=A, priorita=3, dimX=100.00, raggio=10.00)
[step     0] [INFO   ] Arrivo P4 in B1 (tipo=B, priorita=7, dimX=100.00, raggio=10.00)
[step     0] [INFO   ] Arrivo P5 in B1 (tipo=A, priorita=7, dimX=102.00, raggio=10.20)
[step     0] [INFO   ] Arrivo P6 in B1 (tipo=A, priorita=10, dimX=98.00, raggio=9.80)
[step     0] [INFO   ] Arrivo P7 in B1 (tipo=A, priorita=10, dimX=99.00, raggio=9.90)
[step     0] [INFO   ] Arrivo P8 in B1 (tipo=A, priorita=0, dimX=100.00, raggio=10.00)
[step     0] [INFO   ] Arrivo P9 in B1 (tipo=A, priorita=0, dimX=98.00, raggio=9.80)
[step     0] [INFO   ] Arrivo P10 in B1 (tipo=B, priorita=10, dimX=100.00, raggio=10.00)
[step     0] [INFO   ] Arrivo P11 in B1 (tipo=B, priorita=10, dimX=100.00, raggio=10.00)
[step     0] [INFO   ] Arrivo P12 in B1 (tipo=A, priorita=9, dimX=102.00, raggio=10.20)
[step     0] [INFO   ] Arrivo P13 in B1 (tipo=B, priorita=2, dimX=99.00, raggio=9.90)
[step     0] [INFO   ] Arrivo P14 in B1 (tipo=A, priorita=10, dimX=102.00, raggio=10.20)
[step     0] [INFO   ] Arrivo P15 in B1 (tipo=B, priorita=0, dimX=102.00, raggio=10.20)
[step     0] [INFO   ] Arrivo P16 in B1 (tipo=B, priorita=9, dimX=101.00, raggio=10.10)
[step     0] [INFO   ] Arrivo P17 in B1 (tipo=B, priorita=8, dimX=98.00, raggio=9.80)
[step     0] [INFO   ] Arrivo P18 in B1 (tipo=A, priorita=2, dimX=99.00, raggio=9.90)
[step     0] [INFO   ] Arrivo P19 in B1 (tipo=A, priorita=6, dimX=101.00, raggio=10.10)
[step     0] [INFO   ] Arrivo P20 in B1 (tipo=A, priorita=7, dimX=99.00, raggio=9.90)
[step     0] [INFO   ] Arrivo P21 in B1 (tipo=B, priorita=4, dimX=98.00, raggio=9.80)
[step     0] [INFO   ] Arrivo P22 in B1 (tipo=B, priorita=9, dimX=99.00, raggio=9.90)
[step     0] [INFO   ] Arrivo P23 in B1 (tipo=A, priorita=4, dimX=102.00, raggio=10.20)
[step     0] [INFO   ] Arrivo P24 in B1 (tipo=B, priorita=10, dimX=102.00, raggio=10.20)
[step     0] [INFO   ] Arrivo P25 in B1 (tipo=A, priorita=0, dimX=98.00, raggio=9.80)
[step     0] [INFO   ] Arrivo P26 in B1 (tipo=B, priorita=2, dimX=102.00, raggio=10.20)
[step     0] [INFO   ] Arrivo P27 in B1 (tipo=B, priorita=7, dimX=98.00, raggio=9.80)
[step     0] [INFO   ] Arrivo P28 in B1 (tipo=A, priorita=9, dimX=99.00, raggio=9.90)
[step     0] [INFO   ] Arrivo P29 in B1 (tipo=A, priorita=2, dimX=102.00, raggio=10.20)
[step     0] [INFO   ] Arrivo P30 in B1 (tipo=B, priorita=7, dimX=102.00, raggio=10.20)
[step     0] [INFO   ] Arrivo P31 in B1 (tipo=A, priorita=9, dimX=98.00, raggio=9.80)
[step     0] [INFO   ] Arrivo P32 in B1 (tipo=A, priorita=4, dimX=102.00, raggio=10.20)
[step     0] [INFO   ] Arrivo P33 in B1 (tipo=A, priorita=5, dimX=99.00, raggio=9.90)
[step     0] [INFO   ] Arrivo P34 in B1 (tipo=B, priorita=3, dimX=98.00, raggio=9.80)
[step     0] [INFO   ] Arrivo P35 in B1 (tipo=A, priorita=5, dimX=101.00, raggio=10.10)
[         ] [INFO   ] Avvio simulazione: 60 passi
[step     8] [INFO   ] Completamento P6 in B_Alacciaio: attesa=0, attraversamento=8 (totale=8 passi)
[step    11] [INFO   ] Completamento P10 in B_riqualifica: attesa=2, attraversamento=9 (totale=11 passi)
[step    14] [INFO   ] Completamento P24 in B_riqualifica: attesa=5, attraversamento=9 (totale=14 passi)
[step    17] [INFO   ] Completamento P22 in B_Alacciaio: attesa=8, attraversamento=9 (totale=17 passi)
[step    20] [INFO   ] Completamento P17 in B_Alacciaio: attesa=11, attraversamento=9 (totale=20 passi)
[step    23] [INFO   ] Completamento P20 in B_Alacciaio: attesa=14, attraversamento=9 (totale=23 passi)
[step    26] [INFO   ] Completamento P1 in B_riqualifica: attesa=17, attraversamento=9 (totale=26 passi)
[step    29] [INFO   ] Completamento P35 in B_Alacciaio: attesa=20, attraversamento=9 (totale=29 passi)
[step    33] [INFO   ] Completamento P23 in B_TRASH: attesa=23, attraversamento=10 (totale=33 passi)
[step    35] [INFO   ] Completamento P34 in B_TRASH: attesa=26, attraversamento=9 (totale=35 passi)
[step    38] [INFO   ] Completamento P26 in B_rame: attesa=29, attraversamento=9 (totale=38 passi)
[step    43] [INFO   ] Completamento P9 in B_Alacciaio: attesa=32, attraversamento=11 (totale=43 passi)
[step    44] [INFO   ] Completamento P25 in B_riqualifica: attesa=34, attraversamento=10 (totale=44 passi)
[step    47] [INFO   ] Completamento P18 in B_TRASH: attesa=28, attraversamento=19 (totale=47 passi)
[step    50] [INFO   ] Completamento P21 in B_riqualifica: attesa=22, attraversamento=28 (totale=50 passi)
[step    53] [INFO   ] Completamento P30 in B_riqualifica: attesa=16, attraversamento=37 (totale=53 passi)
[step    56] [INFO   ] Completamento P31 in B_riqualifica: attesa=10, attraversamento=46 (totale=56 passi)
[step    60] [INFO   ] Fine simulazione: completati=17, ancora in coda (pending)=17
